// Jest Snapshot v1, https://goo.gl/fbAQLP

exports[`renders correctly 1`] = `
<DocumentFragment>
  <span
    class=""
    style="display: contents;"
  >
    <span
      class=" _dsp_contents"
    >
      <span
        class=" t_dark _dsp_contents is_Theme"
      >
        <span
          class=" _dsp_contents"
        >
          <span
            class="t_sub_theme t_accent_Button _dsp_contents is_Theme"
          >
            <button
              class="is_Button _bg-0hover-backgroundH3423444 _btc-0hover-borderColor69916956 _brc-0hover-borderColor69916956 _bbc-0hover-borderColor69916956 _blc-0hover-borderColor69916956 _bg-0active-backgroundP3496915 _btc-0active-borderColor77378595 _brc-0active-borderColor77378595 _bbc-0active-borderColor77378595 _blc-0active-borderColor77378595 _outlineColor-0focus-visible-outlineColo114 _outlineStyle-0focus-visible-solid _outlineWidth-0focus-visible-2px _dsp-flex _ai-center _fb-auto _bxs-border-box _pos-relative _mih-0px _miw-0px _fs-0 _fd-row _pr-t-space-tru101 _pl-t-space-tru101 _h-t-size-true _btlr-t-radius-12 _btrr-t-radius-12 _bbrr-t-radius-12 _bblr-t-radius-12 _jc-center _fw-nowrap _cur-pointer _bg-background _btw-1px _brw-1px _bbw-1px _blw-1px _btc-transparent _brc-transparent _bbc-transparent _blc-transparent _bbs-solid _bts-solid _bls-solid _brs-solid _b-t-space-10 _l-0px _r-0px _mt-auto _mr-auto _mb-auto _ml-auto  is_Button "
              data-disable-theme="true"
              role="button"
              tabindex="0"
            >
              <span
                class=" _dsp_contents"
              >
                <span
                  class="t_sub_theme t_accent_Button _dsp_contents is_Theme"
                >
                  <span
                    class="is_Button font_body _dsp-inline _bxs-border-box _ww-break-word _whiteSpace-nowrap _mt-0px _mr-0px _mb-0px _ml-0px _ff-f-family _fow-f-weight-4 _ls-f-letterSpa1360334202 _fos-f-size-4 _lh-f-lineHeigh112923 _col-color _ussel-none _cur-pointer _fg-0 _fs-1 _maw-10037 _ox-hidden _oy-hidden _textOverflow-ellipsis"
                  >
                    Foo
                  </span>
                </span>
              </span>
            </button>
          </span>
        </span>
        <div
          style="display: contents;"
        />
      </span>
    </span>
  </span>
</DocumentFragment>
`;
